> Task :app:clean
> Task :app:preBuild UP-TO-DATE
> Task :app:preDebugBuild UP-TO-DATE
> Task :app:mergeDebugNativeDebugMetadata NO-SOURCE
> Task :app:dataBindingMergeDependencyArtifactsDebug
> Task :app:generateDebugResValues
> Task :app:generateDebugResources
> Task :app:packageDebugResources
> Task :app:processDebugNavigationResources
> Task :app:parseDebugLocalResources
> Task :app:compileDebugNavigationResources
> Task :app:checkDebugAarMetadata
> Task :app:mapDebugSourceSetPaths
> Task :app:javaPreCompileDebug
> Task :app:mergeDebugResources
> Task :app:createDebugCompatibleScreenManifests
> Task :app:dataBindingGenBaseClassesDebug
> Task :app:extractDeepLinksDebug
> Task :app:processDebugMainManifest
> Task :app:processDebugManifest
> Task :app:mergeDebugShaders
> Task :app:compileDebugShaders NO-SOURCE
> Task :app:generateDebugAssets UP-TO-DATE
> Task :app:mergeDebugAssets
> Task :app:compressDebugAssets
> Task :app:processDebugManifestForPackage
> Task :app:desugarDebugFileDependencies
> Task :app:mergeDebugJniLibFolders
> Task :app:mergeDebugNativeLibs NO-SOURCE
> Task :app:stripDebugDebugSymbols NO-SOURCE
> Task :app:checkDebugDuplicateClasses
> Task :app:validateSigningDebug
> Task :app:writeDebugAppMetadata
> Task :app:writeDebugSigningConfigVersions
> Task :app:mergeLibDexDebug
> Task :app:processDebugResources
> Task :app:mergeExtDexDebug

> Task :app:compileDebugJavaWithJavac
.\gradlew.bat : Note: Some input files use or 
override a deprecated API.
At line:1 char:1
+ .\gradlew.bat clean :app:assembleDebug > 
build_output.txt 2>&1
+ ~~~~~~~~~~~~~~~~~~~~~~~~~~~~~~~~~~~~~~~~~~~~
~~~~~~~~~~~~~~~~~~
    + CategoryInfo          : NotSpecified: ( 
   Note: Some inpu...deprecated API.:String)  
   [], RemoteException
    + FullyQualifiedErrorId : NativeCommandEr 
   ror
 
Note: Recompile with -Xlint:deprecation for 
details.

> Task :app:hiltAggregateDepsDebug

> Task :app:hiltJavaCompileDebug
Note: 
C:\Users\sowba\OneDrive\Documents\sem6\MOBILE 
AND CLOUD APP\Local-Connect\app\build\generate
d\hilt\component_sources\debug\com\example\loc
alconnect\Hilt_LocalConnectApp.java uses or 
overrides a deprecated API.
Note: Recompile with -Xlint:deprecation for 
details.

> Task :app:processDebugJavaRes
> Task :app:transformDebugClassesWithAsm
> Task :app:mergeDebugJavaResource
> Task :app:dexBuilderDebug
> Task :app:mergeProjectDexDebug
> Task :app:packageDebug
> Task :app:createDebugApkListingFileRedirect
> Task :app:assembleDebug

[Incubating] Problems report is available at: file:///C:/Users/sowba/OneDrive/Documents/sem6/MOBILE%20AND%20CLOUD%20APP/Local-Connect/build/reports/problems/problems-report.html

BUILD SUCCESSFUL in 33s
40 actionable tasks: 40 executed
